Bundling 6%
Bundling 17%
Bundling 49%
Bundling 65%
Bundling 71%
Bundling 76%
Bundling 81%
Bundling 86%
Bundling 91%
Bundling 98%
Bundling 100%
Copying public dir 10.6 MB
Copying public dir 21.2 MB
Copying public dir 33 MB
Copying public dir 43.8 MB
Copying public dir 55.2 MB
Copying public dir 56.9 MB
Copying public dir 68.7 MB
Copying public dir 79.2 MB
Copying public dir 90.1 MB
Copying public dir 100.9 MB
Copying public dir 111.7 MB
Copying public dir 122.5 MB
Copying public dir 133.4 MB
Copying public dir 144 MB
Copying public dir 155.8 MB
Copying public dir 166.9 MB
Copying public dir 177.8 MB
Copying public dir 188.7 MB
Copying public dir 199.2 MB
Copying public dir 210.4 MB
Copying public dir 222 MB
Copying public dir 232.7 MB
Copying public dir 244.5 MB
Copying public dir 256 MB
Copying public dir 266.6 MB
Copying public dir 277.2 MB
Copying public dir 288.2 MB
Copying public dir 299.5 MB
Copying public dir 310.3 MB
Copying public dir 321.8 MB
Copying public dir 332.6 MB
Copying public dir 343.5 MB
Copying public dir 354.2 MB
Copying public dir 365.6 MB
Copying public dir 376.5 MB
Copying public dir 387.2 MB
Copying public dir 398.2 MB
Copying public dir 409.3 MB
Copying public dir 419.9 MB
Copying public dir 430.9 MB
Copying public dir 442 MB
Copying public dir 452.7 MB
Copying public dir 464.3 MB
Copying public dir 475.9 MB
Copying public dir 486.5 MB
Copying public dir 497.3 MB
Copying public dir 508.3 MB
Copying public dir 519.1 MB
Copying public dir 530.1 MB
Copying public dir 542.3 MB
Copying public dir 554 MB
Copying public dir 565.3 MB
Copying public dir 575.8 MB
Copying public dir 587.1 MB
Copying public dir 598.9 MB
Copying public dir 602.4 MB
Copying public dir 616.7 MB
Copying public dir 631 MB
Copying public dir 645.4 MB
Copying public dir 659.6 MB
Copying public dir 673.9 MB
Copying public dir 688.1 MB
Copying public dir 702.3 MB
Copying public dir 716.6 MB
Copying public dir 730.9 MB
Copying public dir 745.1 MB
Copying public dir 759.4 MB
Copying public dir 773.7 MB
Copying public dir 787.9 MB
Copying public dir 802.1 MB
Copying public dir 802.2 MB
Copying public dir 802.4 MB
Copying public dir 815.5 MB
Copying public dir 828.5 MB
Copying public dir 841.7 MB
Copying public dir 854.9 MB
Copying public dir 867.5 MB
Copying public dir 880.7 MB
Copying public dir 893.8 MB
Copying public dir 906.8 MB
Copying public dir 919.8 MB
Copying public dir 932.8 MB
Copying public dir 945.7 MB
Copying public dir 958.7 MB
Copying public dir 971.6 MB
Copying public dir 984.4 MB
Copying public dir 1 GB
Copying public dir 1 GB
Copying public dir 1.1 GB
Copying public dir 1.1 GB
Copying public dir 1.1 GB
Copying public dir 1.1 GB
Copying public dir 1.1 GB
Copying public dir 1.2 GB
Copying public dir 1.2 GB
Copying public dir 1.2 GB
Copying public dir 1.2 GB
Copying public dir 1.3 GB
Copying public dir 1.3 GB
Copying public dir 1.3 GB
Copying public dir 1.3 GB
Copying public dir 1.3 GB
Copying public dir 1.3 GB
Copying public dir 1.4 GB
Copying public dir 1.4 GB
Copying public dir 1.4 GB
Copying public dir 1.4 GB
Copying public dir 1.4 GB
Copying public dir 1.4 GB
Getting composition
Composition          account-09-synkbrief-tiktok
Codec                h264
Output               C:\Users\q1212\Documents\SYNK-appsscript\docs\홍보물\계정별콘텐츠_20260909\09-synkbrief-tiktok\video.mp4
Concurrency          2x
Rendered 0/750
Rendered 1/750, time remaining: 5m 48s
Rendered 2/750, time remaining: 3m 1s
Rendered 3/750, time remaining: 2m 14s
Rendered 4/750, time remaining: 1m 43s
Rendered 5/750, time remaining: 1m 29s
Rendered 6/750, time remaining: 1m 16s
Rendered 7/750, time remaining: 1m 10s
Rendered 8/750, time remaining: 1m 3s
Rendered 9/750, time remaining: 1m 0s
Rendered 10/750, time remaining: 55s
Rendered 11/750, time remaining: 53s
Rendered 12/750, time remaining: 50s
Rendered 13/750, time remaining: 49s
Rendered 14/750, time remaining: 46s
Rendered 15/750, time remaining: 45s
Rendered 16/750, time remaining: 44s
Rendered 17/750, time remaining: 43s
Rendered 18/750, time remaining: 42s
Rendered 19/750, time remaining: 41s
Rendered 20/750, time remaining: 40s
Rendered 21/750, time remaining: 39s
Rendered 22/750, time remaining: 38s
Rendered 23/750, time remaining: 37s
Rendered 24/750, time remaining: 37s
Rendered 25/750, time remaining: 36s
Rendered 26/750, time remaining: 36s
Rendered 27/750, time remaining: 35s
Rendered 28/750, time remaining: 35s
Rendered 29/750, time remaining: 34s
Rendered 30/750, time remaining: 34s
Rendered 31/750, time remaining: 34s
Rendered 32/750, time remaining: 33s
Rendered 33/750, time remaining: 33s
Rendered 34/750, time remaining: 33s
Rendered 35/750, time remaining: 32s
Rendered 36/750, time remaining: 32s
Rendered 37/750, time remaining: 32s
Rendered 38/750, time remaining: 31s
Rendered 39/750, time remaining: 31s
Rendered 40/750, time remaining: 31s
Rendered 41/750, time remaining: 31s
Rendered 42/750, time remaining: 30s
Rendered 43/750, time remaining: 30s
Rendered 44/750, time remaining: 30s
Rendered 45/750, time remaining: 30s
Rendered 46/750, time remaining: 30s
Rendered 47/750, time remaining: 30s
Rendered 48/750, time remaining: 29s
Rendered 49/750, time remaining: 29s
Rendered 50/750, time remaining: 29s
Rendered 51/750, time remaining: 29s
Rendered 52/750, time remaining: 29s
Rendered 53/750, time remaining: 29s
Rendered 54/750, time remaining: 28s
Rendered 55/750, time remaining: 28s
Rendered 56/750, time remaining: 28s
Rendered 57/750, time remaining: 28s
Rendered 58/750, time remaining: 28s
Rendered 59/750, time remaining: 28s
Rendered 60/750, time remaining: 28s
Rendered 61/750, time remaining: 28s
Rendered 62/750, time remaining: 27s
Rendered 63/750, time remaining: 27s
Rendered 64/750, time remaining: 27s
Rendered 65/750, time remaining: 27s
Rendered 66/750, time remaining: 27s
Rendered 67/750, time remaining: 27s
Rendered 68/750, time remaining: 27s
Rendered 69/750, time remaining: 27s
Rendered 70/750, time remaining: 26s
Rendered 71/750, time remaining: 26s
Rendered 72/750, time remaining: 26s
Rendered 73/750, time remaining: 26s
Rendered 74/750, time remaining: 26s
Rendered 75/750, time remaining: 26s
Rendered 76/750, time remaining: 26s
Rendered 77/750, time remaining: 26s
Rendered 78/750, time remaining: 26s
Rendered 79/750, time remaining: 26s
Rendered 80/750, time remaining: 26s
Rendered 81/750, time remaining: 26s
Rendered 82/750, time remaining: 25s
Rendered 83/750, time remaining: 25s
Rendered 84/750, time remaining: 25s
Rendered 85/750, time remaining: 25s
Rendered 86/750, time remaining: 25s
Rendered 87/750, time remaining: 25s
Rendered 88/750, time remaining: 25s
Rendered 89/750, time remaining: 25s
Rendered 90/750, time remaining: 25s
Rendered 91/750, time remaining: 25s
Rendered 92/750, time remaining: 25s
Rendered 93/750, time remaining: 25s
Rendered 94/750, time remaining: 24s
Rendered 95/750, time remaining: 24s
Rendered 96/750, time remaining: 24s
Rendered 97/750, time remaining: 24s
Rendered 98/750, time remaining: 24s
Rendered 99/750, time remaining: 24s
Rendered 100/750, time remaining: 24s
Rendered 101/750, time remaining: 24s
Rendered 102/750, time remaining: 24s
Rendered 103/750, time remaining: 24s
Rendered 104/750, time remaining: 24s
Rendered 105/750, time remaining: 24s
Rendered 106/750, time remaining: 24s
Rendered 107/750, time remaining: 24s
Rendered 108/750, time remaining: 24s
Rendered 109/750, time remaining: 24s
Rendered 110/750, time remaining: 23s
Rendered 111/750, time remaining: 23s
Rendered 112/750, time remaining: 23s
Rendered 113/750, time remaining: 23s
Rendered 114/750, time remaining: 23s
Rendered 115/750, time remaining: 23s
Rendered 116/750, time remaining: 23s
Rendered 117/750, time remaining: 23s
Rendered 118/750, time remaining: 23s
Rendered 119/750, time remaining: 23s
Rendered 120/750, time remaining: 23s
Rendered 121/750, time remaining: 23s
Rendered 122/750, time remaining: 23s
Rendered 123/750, time remaining: 23s
Rendered 124/750, time remaining: 23s
Rendered 125/750, time remaining: 23s
Rendered 126/750, time remaining: 22s
Rendered 127/750, time remaining: 22s
Rendered 128/750, time remaining: 22s
Rendered 129/750, time remaining: 22s
Rendered 130/750, time remaining: 22s
Rendered 131/750, time remaining: 22s
Rendered 132/750, time remaining: 22s
Rendered 133/750, time remaining: 22s
Rendered 134/750, time remaining: 22s
Rendered 135/750, time remaining: 22s
Rendered 136/750, time remaining: 22s
Rendered 137/750, time remaining: 22s
Rendered 138/750, time remaining: 22s
Rendered 139/750, time remaining: 22s
Rendered 140/750, time remaining: 22s
Rendered 141/750, time remaining: 22s
Rendered 142/750, time remaining: 22s
Rendered 143/750, time remaining: 22s
Rendered 144/750, time remaining: 22s
Rendered 145/750, time remaining: 22s
Rendered 146/750, time remaining: 21s
Rendered 147/750, time remaining: 21s
Rendered 148/750, time remaining: 21s
Rendered 149/750, time remaining: 21s
Rendered 150/750, time remaining: 21s
Rendered 151/750, time remaining: 20s
Rendered 152/750, time remaining: 20s
Rendered 153/750, time remaining: 19s
Rendered 154/750, time remaining: 19s
Rendered 155/750, time remaining: 19s
Rendered 156/750, time remaining: 19s
Rendered 157/750, time remaining: 19s
Rendered 158/750, time remaining: 19s
Rendered 159/750, time remaining: 19s
Rendered 160/750, time remaining: 19s
Rendered 161/750, time remaining: 19s
Rendered 162/750, time remaining: 19s
Rendered 163/750, time remaining: 19s
Rendered 164/750, time remaining: 19s
Rendered 165/750, time remaining: 19s
Rendered 166/750, time remaining: 19s
Rendered 167/750, time remaining: 19s
Rendered 168/750, time remaining: 19s
Rendered 169/750, time remaining: 19s
Rendered 170/750, time remaining: 19s
Rendered 171/750, time remaining: 19s
Rendered 172/750, time remaining: 19s
Rendered 173/750, time remaining: 19s
Rendered 174/750, time remaining: 19s
Rendered 175/750, time remaining: 19s
Rendered 176/750, time remaining: 19s
Rendered 177/750, time remaining: 19s
Rendered 178/750, time remaining: 19s
Rendered 179/750, time remaining: 19s
Rendered 180/750, time remaining: 19s
Rendered 181/750, time remaining: 20s
Rendered 182/750, time remaining: 20s
Rendered 183/750, time remaining: 20s
Rendered 184/750, time remaining: 19s
Rendered 185/750, time remaining: 20s
Rendered 186/750, time remaining: 19s
Rendered 187/750, time remaining: 19s
Rendered 188/750, time remaining: 19s
Rendered 189/750, time remaining: 19s
Rendered 190/750, time remaining: 19s
Rendered 191/750, time remaining: 19s
Rendered 192/750, time remaining: 19s
Rendered 193/750, time remaining: 19s
Rendered 194/750, time remaining: 19s
Rendered 195/750, time remaining: 19s
Rendered 196/750, time remaining: 19s
Rendered 197/750, time remaining: 19s
Rendered 198/750, time remaining: 19s
Rendered 199/750, time remaining: 19s
Rendered 200/750, time remaining: 19s
Rendered 201/750, time remaining: 19s
Rendered 202/750, time remaining: 19s
Rendered 203/750, time remaining: 19s
Rendered 204/750, time remaining: 19s
Rendered 205/750, time remaining: 19s
Rendered 206/750, time remaining: 19s
Rendered 207/750, time remaining: 19s
Rendered 208/750, time remaining: 19s
Rendered 209/750, time remaining: 19s
Rendered 210/750, time remaining: 19s
Rendered 211/750, time remaining: 19s
Rendered 212/750, time remaining: 19s
Rendered 213/750, time remaining: 19s
Rendered 214/750, time remaining: 19s
Rendered 215/750, time remaining: 19s
Rendered 216/750, time remaining: 19s
Rendered 217/750, time remaining: 19s
Rendered 218/750, time remaining: 18s
Rendered 219/750, time remaining: 19s
Rendered 220/750, time remaining: 18s
Rendered 221/750, time remaining: 19s
Rendered 222/750, time remaining: 18s
Rendered 223/750, time remaining: 19s
Rendered 224/750, time remaining: 19s
Rendered 225/750, time remaining: 19s
Rendered 226/750, time remaining: 18s
Rendered 227/750, time remaining: 19s
Rendered 228/750, time remaining: 18s
Rendered 229/750, time remaining: 18s
Rendered 230/750, time remaining: 18s
Rendered 231/750, time remaining: 18s
Rendered 232/750, time remaining: 18s
Rendered 233/750, time remaining: 18s
Rendered 234/750, time remaining: 18s
Rendered 235/750, time remaining: 18s
Rendered 236/750, time remaining: 18s
Rendered 237/750, time remaining: 18s
Rendered 238/750, time remaining: 18s
Rendered 239/750, time remaining: 18s
Rendered 240/750, time remaining: 18s
Rendered 241/750, time remaining: 18s
Rendered 242/750, time remaining: 18s
Rendered 243/750, time remaining: 18s
Rendered 244/750, time remaining: 18s
Rendered 245/750, time remaining: 18s
Rendered 246/750, time remaining: 18s
Rendered 247/750, time remaining: 18s
Rendered 248/750, time remaining: 18s
Rendered 249/750, time remaining: 18s
Rendered 250/750, time remaining: 18s
Rendered 251/750, time remaining: 18s
Rendered 252/750, time remaining: 18s
Rendered 253/750, time remaining: 18s
Rendered 254/750, time remaining: 18s
Rendered 255/750, time remaining: 18s
Rendered 256/750, time remaining: 18s
Rendered 257/750, time remaining: 18s
Rendered 258/750, time remaining: 18s
Rendered 259/750, time remaining: 18s
Rendered 260/750, time remaining: 18s
Rendered 261/750, time remaining: 18s
Rendered 262/750, time remaining: 17s
Rendered 263/750, time remaining: 17s
Rendered 264/750, time remaining: 17s
Rendered 265/750, time remaining: 17s
Rendered 266/750, time remaining: 17s
Rendered 267/750, time remaining: 17s
Rendered 268/750, time remaining: 17s
Rendered 269/750, time remaining: 17s
Rendered 270/750, time remaining: 17s
Rendered 271/750, time remaining: 17s
Rendered 272/750, time remaining: 17s
Rendered 273/750, time remaining: 17s
Rendered 274/750, time remaining: 17s
Rendered 275/750, time remaining: 17s
Rendered 276/750, time remaining: 17s
Rendered 277/750, time remaining: 17s
Rendered 278/750, time remaining: 17s
Rendered 279/750, time remaining: 17s
Rendered 280/750, time remaining: 17s
Rendered 281/750, time remaining: 17s
Rendered 282/750, time remaining: 17s
Rendered 283/750, time remaining: 17s
Rendered 284/750, time remaining: 17s
Rendered 285/750, time remaining: 17s
Rendered 286/750, time remaining: 17s
Rendered 287/750, time remaining: 17s
Rendered 288/750, time remaining: 17s
Rendered 289/750, time remaining: 17s
Rendered 290/750, time remaining: 16s
Rendered 291/750, time remaining: 16s
Rendered 292/750, time remaining: 16s
Rendered 293/750, time remaining: 16s
Rendered 294/750, time remaining: 16s
Rendered 295/750, time remaining: 16s
Rendered 296/750, time remaining: 16s
Rendered 297/750, time remaining: 16s
Rendered 298/750, time remaining: 16s
Rendered 299/750, time remaining: 16s
Rendered 300/750, time remaining: 16s
Rendered 301/750, time remaining: 16s
Rendered 302/750, time remaining: 16s
Rendered 303/750, time remaining: 16s
Rendered 304/750, time remaining: 16s
Rendered 305/750, time remaining: 16s
Rendered 306/750, time remaining: 16s
Rendered 307/750, time remaining: 16s
Rendered 308/750, time remaining: 16s
Rendered 309/750, time remaining: 16s
Rendered 310/750, time remaining: 16s
Rendered 311/750, time remaining: 16s
Rendered 312/750, time remaining: 16s
Rendered 313/750, time remaining: 16s
Rendered 314/750, time remaining: 16s
Rendered 315/750, time remaining: 15s
Rendered 316/750, time remaining: 15s
Rendered 317/750, time remaining: 15s
Rendered 318/750, time remaining: 15s
Rendered 319/750, time remaining: 15s
Rendered 320/750, time remaining: 15s
Rendered 321/750, time remaining: 15s
Rendered 322/750, time remaining: 15s
Rendered 323/750, time remaining: 15s
Rendered 324/750, time remaining: 15s
Rendered 325/750, time remaining: 15s
Rendered 326/750, time remaining: 15s
Rendered 327/750, time remaining: 15s
Rendered 328/750, time remaining: 15s
Rendered 329/750, time remaining: 15s
Rendered 330/750, time remaining: 15s
Rendered 331/750, time remaining: 14s
Rendered 332/750, time remaining: 14s
Rendered 333/750, time remaining: 14s
Rendered 334/750, time remaining: 14s
Rendered 335/750, time remaining: 14s
Rendered 336/750, time remaining: 14s
Rendered 337/750, time remaining: 14s
Rendered 338/750, time remaining: 14s
Rendered 339/750, time remaining: 14s
Rendered 340/750, time remaining: 14s
Rendered 341/750, time remaining: 14s
Rendered 342/750, time remaining: 14s
Rendered 343/750, time remaining: 14s
Rendered 344/750, time remaining: 14s
Rendered 345/750, time remaining: 14s
Rendered 346/750, time remaining: 14s
Rendered 347/750, time remaining: 14s
Rendered 348/750, time remaining: 14s
Rendered 349/750, time remaining: 13s
Rendered 350/750, time remaining: 13s
Rendered 351/750, time remaining: 13s
Rendered 352/750, time remaining: 13s
Rendered 353/750, time remaining: 13s
Rendered 354/750, time remaining: 13s
Rendered 355/750, time remaining: 13s
Rendered 356/750, time remaining: 13s
Rendered 357/750, time remaining: 13s
Rendered 358/750, time remaining: 13s
Rendered 359/750, time remaining: 13s
Rendered 360/750, time remaining: 13s
Rendered 361/750, time remaining: 13s
Rendered 362/750, time remaining: 13s
Rendered 363/750, time remaining: 13s
Rendered 364/750, time remaining: 13s
Rendered 365/750, time remaining: 13s
Rendered 366/750, time remaining: 13s
Rendered 367/750, time remaining: 13s
Rendered 368/750, time remaining: 13s
Rendered 369/750, time remaining: 13s
Rendered 370/750, time remaining: 13s
Rendered 371/750, time remaining: 13s
Rendered 372/750, time remaining: 13s
Rendered 373/750, time remaining: 12s
Rendered 374/750, time remaining: 12s
Rendered 375/750, time remaining: 12s
Rendered 376/750, time remaining: 12s
Rendered 377/750, time remaining: 12s
Rendered 378/750, time remaining: 12s
Rendered 379/750, time remaining: 12s
Rendered 380/750, time remaining: 12s
Rendered 381/750, time remaining: 12s
Rendered 382/750, time remaining: 12s
Rendered 383/750, time remaining: 12s
Rendered 384/750, time remaining: 12s
Rendered 385/750, time remaining: 12s
Rendered 386/750, time remaining: 12s
Rendered 387/750, time remaining: 12s
Rendered 388/750, time remaining: 12s
Rendered 389/750, time remaining: 12s
Rendered 390/750, time remaining: 12s
Rendered 391/750, time remaining: 12s
Rendered 392/750, time remaining: 12s
Rendered 393/750, time remaining: 12s
Rendered 394/750, time remaining: 11s
Rendered 395/750, time remaining: 11s
Rendered 396/750, time remaining: 11s
Rendered 397/750, time remaining: 11s
Rendered 398/750, time remaining: 11s
Rendered 399/750, time remaining: 11s
Rendered 400/750, time remaining: 11s
Rendered 401/750, time remaining: 11s
Rendered 402/750, time remaining: 11s
Rendered 403/750, time remaining: 11s
Rendered 404/750, time remaining: 11s
Rendered 405/750, time remaining: 11s
Rendered 406/750, time remaining: 11s
Rendered 407/750, time remaining: 11s
Rendered 408/750, time remaining: 11s
Rendered 409/750, time remaining: 11s
Rendered 410/750, time remaining: 11s
Rendered 411/750, time remaining: 11s
Rendered 412/750, time remaining: 11s
Rendered 413/750, time remaining: 11s
Rendered 414/750, time remaining: 11s
Rendered 415/750, time remaining: 11s
Rendered 416/750, time remaining: 11s
Rendered 417/750, time remaining: 11s
Rendered 418/750, time remaining: 11s
Rendered 419/750, time remaining: 11s
Rendered 420/750, time remaining: 11s
Rendered 421/750, time remaining: 11s
Rendered 422/750, time remaining: 11s
Rendered 423/750, time remaining: 10s
Rendered 424/750, time remaining: 10s
Rendered 425/750, time remaining: 10s
Rendered 426/750, time remaining: 10s
Rendered 427/750, time remaining: 10s
Rendered 428/750, time remaining: 10s
Rendered 429/750, time remaining: 10s
Rendered 430/750, time remaining: 10s
Rendered 431/750, time remaining: 10s
Rendered 432/750, time remaining: 10s
Rendered 433/750, time remaining: 10s
Rendered 434/750, time remaining: 10s
Rendered 435/750, time remaining: 10s
Rendered 436/750, time remaining: 10s
Rendered 437/750, time remaining: 10s
Rendered 438/750, time remaining: 10s
Rendered 439/750, time remaining: 10s
Rendered 440/750, time remaining: 10s
Rendered 441/750, time remaining: 10s
Rendered 442/750, time remaining: 10s
Rendered 443/750, time remaining: 10s
Rendered 444/750, time remaining: 10s
Rendered 445/750, time remaining: 10s
Rendered 446/750, time remaining: 10s
Rendered 447/750, time remaining: 10s
Rendered 448/750, time remaining: 10s
Rendered 449/750, time remaining: 10s
Rendered 450/750, time remaining: 10s
Rendered 451/750, time remaining: 10s
Rendered 452/750, time remaining: 10s
Rendered 453/750, time remaining: 9s
Rendered 454/750, time remaining: 9s
Rendered 455/750, time remaining: 9s
Rendered 456/750, time remaining: 9s
Rendered 457/750, time remaining: 9s
Rendered 458/750, time remaining: 9s
Rendered 459/750, time remaining: 9s
Rendered 460/750, time remaining: 9s
Rendered 461/750, time remaining: 9s
Rendered 462/750, time remaining: 9s
Rendered 463/750, time remaining: 9s
Rendered 464/750, time remaining: 9s
Rendered 465/750, time remaining: 9s
Rendered 466/750, time remaining: 9s
Rendered 467/750, time remaining: 9s
Rendered 468/750, time remaining: 9s
Rendered 469/750, time remaining: 9s
Rendered 470/750, time remaining: 9s
Rendered 471/750, time remaining: 9s
Rendered 472/750, time remaining: 9s
Rendered 473/750, time remaining: 9s
Rendered 474/750, time remaining: 9s
Rendered 475/750, time remaining: 9s
Rendered 476/750, time remaining: 9s
Rendered 477/750, time remaining: 9s
Rendered 478/750, time remaining: 9s
Rendered 479/750, time remaining: 9s
Rendered 480/750, time remaining: 9s
Rendered 481/750, time remaining: 9s
Rendered 482/750, time remaining: 9s
Rendered 483/750, time remaining: 9s
Rendered 484/750, time remaining: 9s
Rendered 485/750, time remaining: 9s
Rendered 486/750, time remaining: 9s
Rendered 487/750, time remaining: 9s
Rendered 488/750, time remaining: 9s
Rendered 489/750, time remaining: 9s
Rendered 490/750, time remaining: 9s
Rendered 491/750, time remaining: 8s
Rendered 492/750, time remaining: 8s
Rendered 493/750, time remaining: 8s
Rendered 494/750, time remaining: 8s
Rendered 495/750, time remaining: 8s
Rendered 496/750, time remaining: 8s
Rendered 497/750, time remaining: 8s
Rendered 498/750, time remaining: 8s
Rendered 499/750, time remaining: 8s
Rendered 500/750, time remaining: 8s
Rendered 501/750, time remaining: 8s
Rendered 502/750, time remaining: 8s
Rendered 503/750, time remaining: 8s
Rendered 504/750, time remaining: 8s
Rendered 505/750, time remaining: 8s
Rendered 506/750, time remaining: 8s
Rendered 507/750, time remaining: 8s
Rendered 508/750, time remaining: 8s
Rendered 509/750, time remaining: 8s
Rendered 510/750, time remaining: 8s
Rendered 511/750, time remaining: 8s
Rendered 512/750, time remaining: 8s
Rendered 513/750, time remaining: 8s
Rendered 514/750, time remaining: 8s
Rendered 515/750, time remaining: 8s
Rendered 516/750, time remaining: 8s
Rendered 517/750, time remaining: 8s
Rendered 518/750, time remaining: 8s
Rendered 519/750, time remaining: 7s
Rendered 520/750, time remaining: 7s
Rendered 521/750, time remaining: 7s
Rendered 522/750, time remaining: 7s
Rendered 523/750, time remaining: 7s
Rendered 524/750, time remaining: 7s
Rendered 525/750, time remaining: 7s
Rendered 526/750, time remaining: 7s
Rendered 527/750, time remaining: 7s
Rendered 528/750, time remaining: 7s
Rendered 529/750, time remaining: 7s
Rendered 530/750, time remaining: 7s
Rendered 531/750, time remaining: 7s
Rendered 532/750, time remaining: 7s
Rendered 533/750, time remaining: 7s
Rendered 534/750, time remaining: 7s
Rendered 535/750, time remaining: 7s
Rendered 536/750, time remaining: 7s
Rendered 537/750, time remaining: 7s
Rendered 538/750, time remaining: 7s
Rendered 539/750, time remaining: 7s
Rendered 540/750, time remaining: 7s
Rendered 541/750, time remaining: 7s
Rendered 542/750, time remaining: 7s
Rendered 543/750, time remaining: 7s
Rendered 544/750, time remaining: 7s
Rendered 545/750, time remaining: 7s
Rendered 546/750, time remaining: 7s
Rendered 547/750, time remaining: 7s
Rendered 548/750, time remaining: 7s
Rendered 549/750, time remaining: 6s
Rendered 550/750, time remaining: 6s
Rendered 551/750, time remaining: 6s
Rendered 552/750, time remaining: 6s
Rendered 553/750, time remaining: 6s
Rendered 554/750, time remaining: 6s
Rendered 555/750, time remaining: 6s
Rendered 556/750, time remaining: 6s
Rendered 557/750, time remaining: 6s
Rendered 558/750, time remaining: 6s
Rendered 559/750, time remaining: 6s
Rendered 560/750, time remaining: 6s
Rendered 561/750, time remaining: 6s
Rendered 562/750, time remaining: 6s
Rendered 563/750, time remaining: 6s
Rendered 564/750, time remaining: 6s
Rendered 565/750, time remaining: 6s
Rendered 566/750, time remaining: 6s
Rendered 567/750, time remaining: 6s
Rendered 568/750, time remaining: 6s
Rendered 569/750, time remaining: 6s
Rendered 570/750, time remaining: 6s
Rendered 571/750, time remaining: 6s
Rendered 572/750, time remaining: 6s
Rendered 573/750, time remaining: 6s
Rendered 574/750, time remaining: 6s
Rendered 575/750, time remaining: 6s
Rendered 576/750, time remaining: 6s
Rendered 577/750, time remaining: 6s
Rendered 578/750, time remaining: 6s
Rendered 579/750, time remaining: 6s
Rendered 580/750, time remaining: 6s
Rendered 581/750, time remaining: 6s
Rendered 582/750, time remaining: 6s
Rendered 583/750, time remaining: 6s
Rendered 584/750, time remaining: 5s
Rendered 585/750, time remaining: 5s
Rendered 586/750, time remaining: 5s
Rendered 587/750, time remaining: 5s
Rendered 588/750, time remaining: 5s
Rendered 589/750, time remaining: 5s
Rendered 590/750, time remaining: 5s
Rendered 591/750, time remaining: 5s
Rendered 592/750, time remaining: 5s
Rendered 593/750, time remaining: 5s
Rendered 594/750, time remaining: 5s
Rendered 595/750, time remaining: 5s
Rendered 596/750, time remaining: 5s
Rendered 597/750, time remaining: 5s
Rendered 598/750, time remaining: 5s
Rendered 599/750, time remaining: 5s
Rendered 600/750, time remaining: 5s
Rendered 601/750, time remaining: 5s
Rendered 602/750, time remaining: 5s
Rendered 603/750, time remaining: 5s
Rendered 604/750, time remaining: 5s
Rendered 605/750, time remaining: 5s
Rendered 606/750, time remaining: 5s
Rendered 607/750, time remaining: 5s
Rendered 608/750, time remaining: 5s
Rendered 609/750, time remaining: 5s
Rendered 610/750, time remaining: 5s
Rendered 611/750, time remaining: 5s
Rendered 612/750, time remaining: 5s
Rendered 613/750, time remaining: 5s
Rendered 614/750, time remaining: 5s
Rendered 615/750, time remaining: 5s
Rendered 616/750, time remaining: 5s
Rendered 617/750, time remaining: 4s
Rendered 618/750, time remaining: 4s
Rendered 619/750, time remaining: 4s
Rendered 620/750, time remaining: 4s
Rendered 621/750, time remaining: 4s
Rendered 622/750, time remaining: 4s
Rendered 623/750, time remaining: 4s
Rendered 624/750, time remaining: 4s
Rendered 625/750, time remaining: 4s
Rendered 626/750, time remaining: 4s
Rendered 627/750, time remaining: 4s
Rendered 628/750, time remaining: 4s
Rendered 629/750, time remaining: 4s
Rendered 630/750, time remaining: 4s
Rendered 631/750, time remaining: 4s
Rendered 632/750, time remaining: 4s
Rendered 633/750, time remaining: 4s
Rendered 634/750, time remaining: 4s
Rendered 635/750, time remaining: 4s
Rendered 636/750, time remaining: 4s
Rendered 637/750, time remaining: 4s
Rendered 638/750, time remaining: 4s
Rendered 639/750, time remaining: 4s
Rendered 640/750, time remaining: 4s
Rendered 641/750, time remaining: 3s
Rendered 642/750, time remaining: 3s
Rendered 643/750, time remaining: 3s
Rendered 644/750, time remaining: 3s
Rendered 645/750, time remaining: 3s
Rendered 646/750, time remaining: 3s
Rendered 647/750, time remaining: 3s
Rendered 648/750, time remaining: 3s
Rendered 649/750, time remaining: 3s
Rendered 650/750, time remaining: 3s
Rendered 651/750, time remaining: 3s
Rendered 652/750, time remaining: 3s
Rendered 653/750, time remaining: 3s
Rendered 654/750, time remaining: 3s
Rendered 655/750, time remaining: 3s
Rendered 656/750, time remaining: 3s
Rendered 657/750, time remaining: 3s
Rendered 658/750, time remaining: 3s
Rendered 659/750, time remaining: 3s
Rendered 660/750, time remaining: 3s
Rendered 661/750, time remaining: 3s
Rendered 662/750, time remaining: 3s
Rendered 663/750, time remaining: 3s
Rendered 664/750, time remaining: 3s
Rendered 665/750, time remaining: 3s
Rendered 666/750, time remaining: 3s
Rendered 667/750, time remaining: 3s
Rendered 668/750, time remaining: 2s
Rendered 669/750, time remaining: 2s
Rendered 670/750, time remaining: 2s
Rendered 671/750, time remaining: 2s
Rendered 672/750, time remaining: 2s
Rendered 673/750, time remaining: 2s
Rendered 674/750, time remaining: 2s
Rendered 675/750, time remaining: 2s
Rendered 676/750, time remaining: 2s
Rendered 677/750, time remaining: 2s
Rendered 678/750, time remaining: 2s
Rendered 679/750, time remaining: 2s
Rendered 680/750, time remaining: 2s
Rendered 681/750, time remaining: 2s
Rendered 682/750, time remaining: 2s
Rendered 683/750, time remaining: 2s
Rendered 684/750, time remaining: 2s
Rendered 685/750, time remaining: 2s
Rendered 686/750, time remaining: 2s
Rendered 687/750, time remaining: 2s
Rendered 688/750, time remaining: 2s
Rendered 689/750, time remaining: 2s
Rendered 690/750, time remaining: 2s
Rendered 691/750, time remaining: 2s
Rendered 692/750, time remaining: 2s
Rendered 693/750, time remaining: 2s
Rendered 694/750, time remaining: 2s
Rendered 695/750, time remaining: 1s
Rendered 696/750, time remaining: 1s
Rendered 697/750, time remaining: 1s
Rendered 698/750, time remaining: 1s
Rendered 699/750, time remaining: 1s
Rendered 700/750, time remaining: 1s
Rendered 701/750, time remaining: 1s
Rendered 702/750, time remaining: 1s
Rendered 703/750, time remaining: 1s
Rendered 704/750, time remaining: 1s
Rendered 705/750, time remaining: 1s
Rendered 706/750, time remaining: 1s
Rendered 707/750, time remaining: 1s
Rendered 708/750, time remaining: 1s
Rendered 709/750, time remaining: 1s
Rendered 710/750, time remaining: 1s
Rendered 711/750, time remaining: 1s
Rendered 712/750, time remaining: 1s
Rendered 713/750, time remaining: 1s
Rendered 714/750, time remaining: 1s
Rendered 715/750, time remaining: 1s
Rendered 716/750, time remaining: 1s
Rendered 717/750, time remaining: 1s
Rendered 718/750, time remaining: 1s
Rendered 719/750, time remaining: 1s
Rendered 720/750, time remaining: 1s
Rendered 721/750, time remaining: 1s
Rendered 722/750, time remaining: 0s
Rendered 723/750, time remaining: 0s
Rendered 724/750, time remaining: 0s
Rendered 725/750, time remaining: 0s
Rendered 726/750, time remaining: 0s
Rendered 727/750, time remaining: 0s
Rendered 728/750, time remaining: 0s
Rendered 729/750, time remaining: 0s
Rendered 730/750, time remaining: 0s
Rendered 731/750, time remaining: 0s
Rendered 732/750, time remaining: 0s
Rendered 733/750, time remaining: 0s
Rendered 734/750, time remaining: 0s
Rendered 735/750, time remaining: 0s
Rendered 736/750, time remaining: 0s
Rendered 737/750, time remaining: 0s
Rendered 738/750, time remaining: 0s
Rendered 739/750, time remaining: 0s
Rendered 740/750, time remaining: 0s
Rendered 741/750, time remaining: 0s
Rendered 742/750, time remaining: 0s
Rendered 743/750, time remaining: 0s
Rendered 744/750, time remaining: 0s
Rendered 745/750, time remaining: 0s
Rendered 746/750, time remaining: 0s
Rendered 747/750, time remaining: 0s
Rendered 748/750, time remaining: 0s
Rendered 749/750, time remaining: 0s
Rendered 750/750
Encoded 13/750
Encoded 68/750
Encoded 128/750
Encoded 185/750
Encoded 244/750
Encoded 304/750
Encoded 365/750
Encoded 424/750
Encoded 484/750
Encoded 543/750
Encoded 602/750
Encoded 664/750
Encoded 750/750
+                    C:\Users\q1212\Documents\SYNK-appsscript\docs\홍보물\계정별콘텐츠_20260909\09-synkbrief-tiktok\video.mp4 28 MB

