
Input #0, mov,mp4,m4a,3gp,3g2,mj2, from 'C:\Users\q1212\Documents\SYNK-appsscript\docs\홍보물\계정별콘텐츠_20260909\03-lab-tiktok\video.mp4':
  Metadata:
    major_brand     : isom
    minor_version   : 512
    compatible_brands: isomiso2avc1mp41
    encoder         : Lavf61.7.100
    comment         : Made with Remotion 4.0.517
  Duration: 00:00:30.06, start: 0.000000, bitrate: 2147 kb/s
  Stream #0:0[0x1](und): Video: h264 (avc1 / 0x31637661), yuv420p(tv, bt709/unknown/unknown, progressive), 1080x1920 [SAR 1:1 DAR 9:16], 1888 kb/s, 30 fps, 30 tbr, 90k tbn (default)
      Metadata:
        handler_name    : VideoHandler
        vendor_id       : [0][0][0][0]
  Stream #0:1[0x2](und): Audio: aac (mp4a / 0x6134706D), 48000 Hz, stereo, fltp, 253 kb/s (default)
      Metadata:
        handler_name    : SoundHandler
        vendor_id       : [0][0][0][0]
Stream mapping:
  Stream #0:1 -> #0:0 (aac (native) -> pcm_s16le (native))
Press [q] to stop, [?] for help
Output #0, null, to 'pipe:':
  Metadata:
    major_brand     : isom
    minor_version   : 512
    compatible_brands: isomiso2avc1mp41
    comment         : Made with Remotion 4.0.517
    encoder         : Lavf61.7.100
  Stream #0:0(und): Audio: pcm_s16le, 192000 Hz, stereo, s16, 6144 kb/s (default)
      Metadata:
        handler_name    : SoundHandler
        vendor_id       : [0][0][0][0]
        encoder         : Lavc61.19.100 pcm_s16le
size=N/A time=00:00:21.10 bitrate=N/A speed=39.9x
[Parsed_loudnorm_0 @ 000002490aceee40]
{
	"input_i" : "-25.55",
	"input_tp" : "-13.05",
	"input_lra" : "1.40",
	"input_thresh" : "-35.60",
	"output_i" : "-15.87",
	"output_tp" : "-3.26",
	"output_lra" : "1.20",
	"output_thresh" : "-25.90",
	"normalization_type" : "dynamic",
	"target_offset" : "-0.13"
}
[out#0/null @ 000002490ac73400] video:0KiB audio:22544KiB subtitle:0KiB other streams:0KiB global headers:0KiB muxing overhead: unknown
size=N/A time=00:00:30.10 bitrate=N/A speed=40.2x
