✔ 🔑 지문 자가 ①배포 검수·심문 드리프트와 **같은 계산**이다 — 자가 둘이면 판정이 갈린다 (1.0156ms)
✔ 장부는 한 줄씩 붙는다(append) — 덮어쓰면 이력이 아니라 마지막 한 번만 남는다 (4.3024ms)
✔ 🔑 장부를 못 써도 **던지지 않는다** — 여기서 죽으면 검문 자체가 안 도는 셈이 된다 (1.7247ms)
✔ 🔴 몽골어만 든 원고는 «짝 파일»로 읽지 않는다 — 앞 토막에 한글이 없으면 거절한다 (0.7969ms)
✔ 진짜 짝 파일(한국어 / --- / 몽골어)은 그대로 갈린다 (0.196ms)
✔ 🔴 제목 줄과 다음 문장이 한 문장으로 붙지 않는다 — 줄바꿈으로 잇는다 (0.122ms)
✔ 🔴 HTML 주석은 본문이 아니다 — 다섯 층 어디에도 안 들어간다 (0.0993ms)
✔ 머리말·마크다운 표식은 걷고 몸통 글자는 남긴다 (0.133ms)
✔ 🔴 K-соёлын — 걸린 것이 라틴 앞자락뿐이면 통과시킨다 (0.1069ms)
✔ 🔴 뒤 토막이 틀렸으면 그대로 의심으로 남는다 — 자가 죽지 않는다 (0.0958ms)
✔ 제안을 못 받았으면 판정하지 않는다 — 「모름」은 통과가 아니다 (0.0581ms)
✔ 붙임표가 없거나 앞자락이 라틴이 아니면 이 길로 안 온다 (0.0779ms)
✔ 🔴 「정상 아님」은 정상이 아니다 — 부정이 붙으면 판정불능(null · 통과 아님) (0.6273ms)
✔ 부정이 없으면 그대로 읽는다 — 정상·어색·파손 셋 (0.1274ms)
✔ 문법파싱 — JSON 이 1순위, 산문은 폴백, 부정 산문은 null 로 실패한다 (1.0065ms)
✔ 🔴 학생 화면에 «검문도 기준선도 안 지난» 몽골어가 새로 들어오지 않았다 (45.5728ms)
✔ 🔑 기준선은 «줄어들기만» 한다 — 늘면 이 문이 헐거워진 것이다 (0.245ms)
✔ 🔑 조각 뽑는 자가 «몽골어»와 «몽골어를 인용한 한국어»를 가른다 (0.121ms)
✔ 🔴 검문 한 판의 갈래는 «종료코드»가 아니라 «종합 줄»이 정한다 (09-08 실측) (0.1335ms)
✔ 🔴 «층이 미실행»은 지적이 아니라 «답이 없는 것»이다 — 갈라 세지 않으면 거짓 숫자가 선다 (09-08) (0.1011ms)
✔ 🔴 «검문을 지나갔나»와 «다시 던질 필요가 없나»는 다른 물음이다 (09-08) (7.4631ms)
ℹ tests 21
ℹ suites 0
ℹ pass 21
ℹ fail 0
ℹ cancelled 0
ℹ skipped 0
ℹ todo 0
ℹ duration_ms 144.8096

